------------------------------------------------------------
TimeQuest Timing Analyzer Summary
------------------------------------------------------------

Type  : Slow 1100mV 85C Model Setup 'clk'
Slack : 37.475
TNS   : 0.000

Type  : Slow 1100mV 85C Model Hold 'clk'
Slack : 0.565
TNS   : 0.000

Type  : Slow 1100mV 85C Model Minimum Pulse Width 'clk'
Slack : 19.407
TNS   : 0.000

Type  : Slow 1100mV 0C Model Setup 'clk'
Slack : 37.525
TNS   : 0.000

Type  : Slow 1100mV 0C Model Hold 'clk'
Slack : 0.551
TNS   : 0.000

Type  : Slow 1100mV 0C Model Minimum Pulse Width 'clk'
Slack : 19.327
TNS   : 0.000

Type  : Fast 1100mV 85C Model Setup 'clk'
Slack : 38.612
TNS   : 0.000

Type  : Fast 1100mV 85C Model Hold 'clk'
Slack : 0.301
TNS   : 0.000

Type  : Fast 1100mV 85C Model Minimum Pulse Width 'clk'
Slack : 19.419
TNS   : 0.000

Type  : Fast 1100mV 0C Model Setup 'clk'
Slack : 38.707
TNS   : 0.000

Type  : Fast 1100mV 0C Model Hold 'clk'
Slack : 0.284
TNS   : 0.000

Type  : Fast 1100mV 0C Model Minimum Pulse Width 'clk'
Slack : 19.421
TNS   : 0.000

------------------------------------------------------------
