------------------------------------------------------------
TimeQuest Timing Analyzer Summary
------------------------------------------------------------

Type  : Slow 1100mV 85C Model Setup 'clk'
Slack : 37.720
TNS   : 0.000

Type  : Slow 1100mV 85C Model Hold 'clk'
Slack : 0.541
TNS   : 0.000

Type  : Slow 1100mV 85C Model Minimum Pulse Width 'clk'
Slack : 19.407
TNS   : 0.000

Type  : Slow 1100mV 0C Model Setup 'clk'
Slack : 37.739
TNS   : 0.000

Type  : Slow 1100mV 0C Model Hold 'clk'
Slack : 0.529
TNS   : 0.000

Type  : Slow 1100mV 0C Model Minimum Pulse Width 'clk'
Slack : 19.318
TNS   : 0.000

Type  : Fast 1100mV 85C Model Setup 'clk'
Slack : 38.701
TNS   : 0.000

Type  : Fast 1100mV 85C Model Hold 'clk'
Slack : 0.300
TNS   : 0.000

Type  : Fast 1100mV 85C Model Minimum Pulse Width 'clk'
Slack : 19.419
TNS   : 0.000

Type  : Fast 1100mV 0C Model Setup 'clk'
Slack : 38.806
TNS   : 0.000

Type  : Fast 1100mV 0C Model Hold 'clk'
Slack : 0.275
TNS   : 0.000

Type  : Fast 1100mV 0C Model Minimum Pulse Width 'clk'
Slack : 19.420
TNS   : 0.000

------------------------------------------------------------
